Microsoft (R) Macro Assembler Version 11.00.61030.0	    06/07/19 17:17:14
macro.txt						     Page 1 - 1


				PUSHR MACRO RG
					IRP REG, <RG>
						IFIDN <REG>, <F>
							PUSHF
						ELSE
							PUSH REG
						ENDIF
					ENDM
				ENDM   

				POPR MACRO RG
					IRP REG, <RG>
						IFIDN <REG>, <F>
							POPF
						ELSE
							POP REG
						ENDIF
					ENDM
				ENDM

				XCHG_B MACRO A,B
					XCHG AL, A
					XCHG AL, B
					XCHG AL, A
				ENDM

				XCHG_W MACRO A,B
					XCHG AX, A
					XCHG AX, B
					XCHG AX, A
				ENDM

				XCHG_DW MACRO A,B
					XCHG EAX, A
					XCHG EAX, B
					XCHG EAX, A
				ENDM
macro.txt(37) : error A2088:END directive required at end of file
Microsoft (R) Macro Assembler Version 11.00.61030.0	    06/07/19 17:17:14
macro.txt						     Symbols 2 - 1




Macros:

                N a m e                 Type

POPR . . . . . . . . . . . . . .	Proc
PUSHR  . . . . . . . . . . . . .	Proc
XCHG_B . . . . . . . . . . . . .	Proc
XCHG_DW  . . . . . . . . . . . .	Proc
XCHG_W . . . . . . . . . . . . .	Proc

	   0 Warnings
	   1 Errors
